2026-04-02 10:54:34.442 [info] [main] Log level: Info
2026-04-02 10:54:34.442 [info] [main] Validating found git in: "git"
2026-04-02 10:54:34.442 [info] [main] Using git "2.53.0" from "git"
2026-04-02 10:54:34.442 [info] [Model][doInitialScan] Initial repository scan started
2026-04-02 10:54:34.442 [info] [Model][doInitialScan] Initial repository scan completed - repositories (0), closed repositories (0), parent repositories (0), unsafe repositories (0)
2026-04-02 10:58:48.024 [info] [main] Log level: Info
2026-04-02 10:58:48.024 [info] [main] Validating found git in: "git"
2026-04-02 10:58:48.024 [info] [main] Using git "2.53.0" from "git"
2026-04-02 10:58:48.024 [info] [Model][doInitialScan] Initial repository scan started
2026-04-02 10:58:48.024 [info] > git rev-parse --show-toplevel [6ms]
2026-04-02 10:58:48.036 [info] > git rev-parse --git-dir --git-common-dir --show-superproject-working-tree [7ms]
2026-04-02 10:58:48.079 [info] [Model][openRepository] Opened repository (path): /home/matei/PALab/PATemplate/templatepa
2026-04-02 10:58:48.079 [info] [Model][openRepository] Opened repository (real path): /home/matei/PALab/PATemplate/templatepa
2026-04-02 10:58:48.079 [info] [Model][openRepository] Opened repository (kind): repository
2026-04-02 10:58:48.133 [info] > git rev-parse --show-toplevel [42ms]
2026-04-02 10:58:48.133 [info] [Model][doInitialScan] Initial repository scan completed - repositories (1), closed repositories (0), parent repositories (0), unsafe repositories (0)
2026-04-02 10:58:48.134 [info] > git config --get commit.template [48ms]
2026-04-02 10:58:48.149 [info] > git for-each-ref --format=%(refname)%00%(upstream:short)%00%(objectname)%00%(upstream:track)%00%(upstream:remotename)%00%(upstream:remoteref) refs/heads/main refs/remotes/main [2ms]
2026-04-02 10:58:48.154 [warning] [Git][revParse] Unable to read file: ENOENT: no such file or directory, open '/home/matei/PALab/PATemplate/templatepa/.git/refs/remotes/origin/main'
2026-04-02 10:58:48.156 [info] > git rev-parse refs/remotes/origin/main [2ms]
2026-04-02 10:58:48.167 [info] > git status -z -uall [6ms]
2026-04-02 10:58:48.169 [info] > git for-each-ref --sort -committerdate --format %(refname)%00%(objectname)%00%(*objectname) [3ms]
2026-04-02 10:58:48.202 [info] > git for-each-ref --format=%(refname)%00%(upstream:short)%00%(objectname)%00%(upstream:track)%00%(upstream:remotename)%00%(upstream:remoteref) refs/heads/main refs/remotes/main [10ms]
2026-04-02 10:58:48.209 [info] > git config --get --local branch.main.vscode-merge-base [3ms]
2026-04-02 10:58:48.209 [warning] [Git][config] git config failed: Failed to execute git
2026-04-02 10:58:48.214 [info] > git config --get commit.template [13ms]
2026-04-02 10:58:48.219 [info] > git reflog main --grep-reflog=branch: Created from *. [6ms]
2026-04-02 10:58:48.223 [info] > git symbolic-ref --short refs/remotes/origin/HEAD [1ms]
2026-04-02 10:58:48.227 [info] > git for-each-ref --format=%(refname)%00%(upstream:short)%00%(objectname)%00%(upstream:track)%00%(upstream:remotename)%00%(upstream:remoteref) refs/heads/main refs/remotes/main [9ms]
2026-04-02 10:58:48.230 [warning] [Git][revParse] Unable to read file: ENOENT: no such file or directory, open '/home/matei/PALab/PATemplate/templatepa/.git/refs/remotes/origin/main'
2026-04-02 10:58:48.231 [info] > git for-each-ref --format=%(refname)%00%(upstream:short)%00%(objectname)%00%(upstream:track)%00%(upstream:remotename)%00%(upstream:remoteref) refs/heads/origin/main refs/remotes/origin/main [4ms]
2026-04-02 10:58:48.235 [info] > git rev-parse refs/remotes/origin/main [5ms]
2026-04-02 10:58:48.241 [info] > git status -z -uall [3ms]
2026-04-02 10:58:48.242 [info] > git config --add --local branch.main.vscode-merge-base origin/main [7ms]
2026-04-02 10:58:48.242 [info] > git for-each-ref --sort -committerdate --format %(refname)%00%(objectname)%00%(*objectname) [1ms] (cancelled)
2026-04-02 10:58:48.248 [info] > git config --get commit.template [1ms]
2026-04-02 10:58:48.253 [info] > git for-each-ref --format=%(refname)%00%(upstream:short)%00%(objectname)%00%(upstream:track)%00%(upstream:remotename)%00%(upstream:remoteref) refs/heads/main refs/remotes/main [1ms]
2026-04-02 10:58:48.257 [warning] [Git][revParse] Unable to read file: ENOENT: no such file or directory, open '/home/matei/PALab/PATemplate/templatepa/.git/refs/remotes/origin/main'
2026-04-02 10:58:48.259 [info] > git rev-parse refs/remotes/origin/main [1ms]
2026-04-02 10:58:48.265 [info] > git status -z -uall [3ms]
2026-04-02 10:58:48.266 [info] > git for-each-ref --sort -committerdate --format %(refname)%00%(objectname)%00%(*objectname) [1ms]
2026-04-02 10:58:48.276 [info] > git merge-base refs/heads/main refs/remotes/origin/main [5ms]
2026-04-02 10:58:48.283 [info] > git merge-base refs/heads/main refs/remotes/origin/main [9ms]
2026-04-02 10:58:48.288 [info] > git diff --raw --numstat --diff-filter=ADMR -z --find-renames=50% 46886ab40bb25d6f4473804753e41032b82c0360...refs/remotes/origin/main -- [2ms]
2026-04-02 10:58:48.289 [info] > git diff --raw --numstat --diff-filter=ADMR -z --find-renames=50% 46886ab40bb25d6f4473804753e41032b82c0360...refs/remotes/origin/main -- [8ms]
2026-04-02 10:58:48.643 [info] > git check-ignore -v -z --stdin [1ms]
2026-04-02 10:58:49.406 [info] > git config --get commit.template [6ms]
2026-04-02 10:58:49.407 [info] > git for-each-ref --format=%(refname)%00%(upstream:short)%00%(objectname)%00%(upstream:track)%00%(upstream:remotename)%00%(upstream:remoteref) refs/heads/main refs/remotes/main [2ms]
2026-04-02 10:58:49.411 [warning] [Git][revParse] Unable to read file: ENOENT: no such file or directory, open '/home/matei/PALab/PATemplate/templatepa/.git/refs/remotes/origin/main'
2026-04-02 10:58:49.412 [info] > git rev-parse refs/remotes/origin/main [1ms]
2026-04-02 10:58:49.422 [info] > git status -z -uall [6ms]
2026-04-02 10:58:49.423 [info] > git for-each-ref --sort -committerdate --format %(refname)%00%(objectname)%00%(*objectname) [2ms]
2026-04-02 10:58:58.119 [info] > git config --get commit.template [5ms]
2026-04-02 10:58:58.120 [info] > git for-each-ref --format=%(refname)%00%(upstream:short)%00%(objectname)%00%(upstream:track)%00%(upstream:remotename)%00%(upstream:remoteref) refs/heads/main refs/remotes/main [1ms]
2026-04-02 10:58:58.125 [warning] [Git][revParse] Unable to read file: ENOENT: no such file or directory, open '/home/matei/PALab/PATemplate/templatepa/.git/refs/remotes/origin/main'
2026-04-02 10:58:58.126 [info] > git rev-parse refs/remotes/origin/main [2ms]
2026-04-02 10:58:58.135 [info] > git status -z -uall [5ms]
2026-04-02 10:58:58.136 [info] > git for-each-ref --sort -committerdate --format %(refname)%00%(objectname)%00%(*objectname) [2ms]
