2026-04-02 11:05:26.960 [info] [main] Log level: Info
2026-04-02 11:05:26.960 [info] [main] Validating found git in: "git"
2026-04-02 11:05:26.960 [info] [main] Using git "2.53.0" from "git"
2026-04-02 11:05:26.960 [info] [Model][doInitialScan] Initial repository scan started
2026-04-02 11:05:26.960 [info] > git rev-parse --show-toplevel [2ms]
2026-04-02 11:05:26.960 [info] > git rev-parse --git-dir --git-common-dir --show-superproject-working-tree [16ms]
2026-04-02 11:05:27.008 [info] [Model][openRepository] Opened repository (path): /home/matei/PALab/PATemplate/templatepa
2026-04-02 11:05:27.008 [info] [Model][openRepository] Opened repository (real path): /home/matei/PALab/PATemplate/templatepa
2026-04-02 11:05:27.008 [info] [Model][openRepository] Opened repository (kind): repository
2026-04-02 11:05:27.044 [info] > git rev-parse --show-toplevel [25ms]
2026-04-02 11:05:27.045 [info] [Model][doInitialScan] Initial repository scan completed - repositories (1), closed repositories (0), parent repositories (0), unsafe repositories (0)
2026-04-02 11:05:27.045 [info] > git config --get commit.template [31ms]
2026-04-02 11:05:27.055 [info] > git for-each-ref --format=%(refname)%00%(upstream:short)%00%(objectname)%00%(upstream:track)%00%(upstream:remotename)%00%(upstream:remoteref) refs/heads/main refs/remotes/main [2ms]
2026-04-02 11:05:27.076 [warning] [Git][revParse] Unable to read file: ENOENT: no such file or directory, open '/home/matei/PALab/PATemplate/templatepa/.git/refs/remotes/origin/main'
2026-04-02 11:05:27.079 [info] > git rev-parse refs/remotes/origin/main [3ms]
2026-04-02 11:05:27.089 [info] > git status -z -uall [6ms]
2026-04-02 11:05:27.090 [info] > git for-each-ref --sort -committerdate --format %(refname)%00%(objectname)%00%(*objectname) [2ms]
2026-04-02 11:05:27.113 [info] > git for-each-ref --format=%(refname)%00%(upstream:short)%00%(objectname)%00%(upstream:track)%00%(upstream:remotename)%00%(upstream:remoteref) refs/heads/main refs/remotes/main [8ms]
2026-04-02 11:05:27.119 [info] > git config --get --local branch.main.vscode-merge-base [2ms]
2026-04-02 11:05:27.123 [info] > git config --get commit.template [10ms]
2026-04-02 11:05:27.128 [info] > git for-each-ref --format=%(refname)%00%(upstream:short)%00%(objectname)%00%(upstream:track)%00%(upstream:remotename)%00%(upstream:remoteref) refs/heads/origin/main refs/remotes/origin/main [5ms]
2026-04-02 11:05:27.136 [info] > git merge-base refs/heads/main refs/remotes/origin/main [5ms]
2026-04-02 11:05:27.140 [info] > git for-each-ref --format=%(refname)%00%(upstream:short)%00%(objectname)%00%(upstream:track)%00%(upstream:remotename)%00%(upstream:remoteref) refs/heads/main refs/remotes/main [4ms]
2026-04-02 11:05:27.144 [warning] [Git][revParse] Unable to read file: ENOENT: no such file or directory, open '/home/matei/PALab/PATemplate/templatepa/.git/refs/remotes/origin/main'
2026-04-02 11:05:27.144 [info] > git diff --raw --numstat --diff-filter=ADMR -z --find-renames=50% 46886ab40bb25d6f4473804753e41032b82c0360...refs/remotes/origin/main -- [4ms]
2026-04-02 11:05:27.145 [info] > git rev-parse refs/remotes/origin/main [1ms]
2026-04-02 11:05:27.153 [info] > git status -z -uall [4ms]
2026-04-02 11:05:27.154 [info] > git for-each-ref --sort -committerdate --format %(refname)%00%(objectname)%00%(*objectname) [2ms]
2026-04-02 11:05:27.555 [info] > git check-ignore -v -z --stdin [1ms]
2026-04-02 11:07:43.791 [info] [main] Log level: Info
2026-04-02 11:07:43.791 [info] [main] Validating found git in: "git"
2026-04-02 11:07:43.791 [info] [main] Using git "2.53.0" from "git"
2026-04-02 11:07:43.791 [info] [Model][doInitialScan] Initial repository scan started
2026-04-02 11:07:43.791 [info] > git rev-parse --show-toplevel [10ms]
2026-04-02 11:07:43.792 [info] [Model][doInitialScan] Initial repository scan completed - repositories (0), closed repositories (0), parent repositories (1), unsafe repositories (0)
2026-04-02 11:07:43.800 [info] > git rev-parse --show-toplevel [3ms]
2026-04-02 11:08:33.216 [info] > git rev-parse --show-toplevel [1ms]
2026-04-02 11:08:33.225 [info] > git rev-parse --git-dir --git-common-dir --show-superproject-working-tree [4ms]
2026-04-02 11:08:33.238 [info] [Model][openRepository] Opened repository (path): /home/matei/PALab/Lab6
2026-04-02 11:08:33.238 [info] [Model][openRepository] Opened repository (real path): /home/matei/PALab/Lab6
2026-04-02 11:08:33.238 [info] [Model][openRepository] Opened repository (kind): repository
2026-04-02 11:08:33.248 [info] > git config --get commit.template [3ms]
2026-04-02 11:08:33.256 [info] > git for-each-ref --format=%(refname)%00%(upstream:short)%00%(objectname)%00%(upstream:track)%00%(upstream:remotename)%00%(upstream:remoteref) refs/heads/main refs/remotes/main [2ms]
2026-04-02 11:08:33.262 [warning] [Git][revParse] Unable to read file: ENOENT: no such file or directory, open '/home/matei/PALab/Lab6/.git/refs/remotes/origin/main'
2026-04-02 11:08:33.263 [info] > git rev-parse refs/remotes/origin/main [1ms]
2026-04-02 11:08:33.276 [info] > git status -z -uall [7ms]
2026-04-02 11:08:33.277 [info] > git for-each-ref --sort -committerdate --format %(refname)%00%(objectname)%00%(*objectname) [2ms]
2026-04-02 11:08:33.309 [info] > git for-each-ref --format=%(refname)%00%(upstream:short)%00%(objectname)%00%(upstream:track)%00%(upstream:remotename)%00%(upstream:remoteref) refs/heads/main refs/remotes/main [8ms]
2026-04-02 11:08:33.317 [info] > git config --get --local branch.main.vscode-merge-base [3ms]
2026-04-02 11:08:33.324 [info] > git config --get commit.template [15ms]
2026-04-02 11:08:33.325 [info] > git for-each-ref --format=%(refname)%00%(upstream:short)%00%(objectname)%00%(upstream:track)%00%(upstream:remotename)%00%(upstream:remoteref) refs/heads/origin/main refs/remotes/origin/main [2ms]
2026-04-02 11:08:33.341 [info] > git merge-base refs/heads/main refs/remotes/origin/main [10ms]
2026-04-02 11:08:33.347 [info] > git for-each-ref --format=%(refname)%00%(upstream:short)%00%(objectname)%00%(upstream:track)%00%(upstream:remotename)%00%(upstream:remoteref) refs/heads/main refs/remotes/main [7ms]
2026-04-02 11:08:33.352 [warning] [Git][revParse] Unable to read file: ENOENT: no such file or directory, open '/home/matei/PALab/Lab6/.git/refs/remotes/origin/main'
2026-04-02 11:08:33.353 [info] > git diff --raw --numstat --diff-filter=ADMR -z --find-renames=50% 46886ab40bb25d6f4473804753e41032b82c0360...refs/remotes/origin/main -- [7ms]
2026-04-02 11:08:33.354 [info] > git rev-parse refs/remotes/origin/main [2ms]
2026-04-02 11:08:33.364 [info] > git status -z -uall [6ms]
2026-04-02 11:08:33.366 [info] > git for-each-ref --sort -committerdate --format %(refname)%00%(objectname)%00%(*objectname) [3ms]
2026-04-02 11:08:34.114 [info] > git check-ignore -v -z --stdin [1ms]
2026-04-02 11:09:12.058 [info] > git config --get commit.template [6ms]
2026-04-02 11:09:12.059 [info] > git for-each-ref --format=%(refname)%00%(upstream:short)%00%(objectname)%00%(upstream:track)%00%(upstream:remotename)%00%(upstream:remoteref) refs/heads/main refs/remotes/main [2ms]
2026-04-02 11:09:12.068 [warning] [Git][revParse] Unable to read file: ENOENT: no such file or directory, open '/home/matei/PALab/Lab6/.git/refs/remotes/origin/main'
2026-04-02 11:09:12.070 [info] > git rev-parse refs/remotes/origin/main [2ms]
2026-04-02 11:09:12.079 [info] > git status -z -uall [5ms]
2026-04-02 11:09:12.080 [info] > git for-each-ref --sort -committerdate --format %(refname)%00%(objectname)%00%(*objectname) [2ms]
2026-04-02 11:11:14.253 [info] > git config --get commit.template [6ms]
2026-04-02 11:11:14.254 [info] > git for-each-ref --format=%(refname)%00%(upstream:short)%00%(objectname)%00%(upstream:track)%00%(upstream:remotename)%00%(upstream:remoteref) refs/heads/main refs/remotes/main [2ms]
2026-04-02 11:11:14.258 [warning] [Git][revParse] Unable to read file: ENOENT: no such file or directory, open '/home/matei/PALab/Lab6/.git/refs/remotes/origin/main'
2026-04-02 11:11:14.259 [info] > git rev-parse refs/remotes/origin/main [1ms]
2026-04-02 11:11:14.270 [info] > git status -z -uall [5ms]
2026-04-02 11:11:14.271 [info] > git for-each-ref --sort -committerdate --format %(refname)%00%(objectname)%00%(*objectname) [1ms]
2026-04-02 11:11:19.289 [info] > git config --get commit.template [7ms]
2026-04-02 11:11:19.290 [info] > git for-each-ref --format=%(refname)%00%(upstream:short)%00%(objectname)%00%(upstream:track)%00%(upstream:remotename)%00%(upstream:remoteref) refs/heads/main refs/remotes/main [2ms]
2026-04-02 11:11:19.294 [warning] [Git][revParse] Unable to read file: ENOENT: no such file or directory, open '/home/matei/PALab/Lab6/.git/refs/remotes/origin/main'
2026-04-02 11:11:19.296 [info] > git rev-parse refs/remotes/origin/main [2ms]
2026-04-02 11:11:19.306 [info] > git status -z -uall [6ms]
2026-04-02 11:11:19.307 [info] > git for-each-ref --sort -committerdate --format %(refname)%00%(objectname)%00%(*objectname) [2ms]
2026-04-02 11:11:26.417 [info] > git config --get commit.template [5ms]
2026-04-02 11:11:26.418 [info] > git for-each-ref --format=%(refname)%00%(upstream:short)%00%(objectname)%00%(upstream:track)%00%(upstream:remotename)%00%(upstream:remoteref) refs/heads/main refs/remotes/main [2ms]
2026-04-02 11:11:26.422 [warning] [Git][revParse] Unable to read file: ENOENT: no such file or directory, open '/home/matei/PALab/Lab6/.git/refs/remotes/origin/main'
2026-04-02 11:11:26.424 [info] > git rev-parse refs/remotes/origin/main [1ms]
2026-04-02 11:11:26.434 [info] > git status -z -uall [6ms]
2026-04-02 11:11:26.435 [info] > git for-each-ref --sort -committerdate --format %(refname)%00%(objectname)%00%(*objectname) [2ms]
2026-04-02 11:11:29.743 [info] > git check-ignore -v -z --stdin [2ms]
2026-04-02 11:13:28.055 [info] > git config --get commit.template [6ms]
2026-04-02 11:13:28.056 [info] > git for-each-ref --format=%(refname)%00%(upstream:short)%00%(objectname)%00%(upstream:track)%00%(upstream:remotename)%00%(upstream:remoteref) refs/heads/main refs/remotes/main [1ms]
2026-04-02 11:13:28.061 [warning] [Git][revParse] Unable to read file: ENOENT: no such file or directory, open '/home/matei/PALab/Lab6/.git/refs/remotes/origin/main'
2026-04-02 11:13:28.062 [info] > git rev-parse refs/remotes/origin/main [1ms]
2026-04-02 11:13:28.072 [info] > git status -z -uall [6ms]
2026-04-02 11:13:28.074 [info] > git for-each-ref --sort -committerdate --format %(refname)%00%(objectname)%00%(*objectname) [2ms]
2026-04-02 11:15:04.061 [info] > git config --get commit.template [1ms]
2026-04-02 11:15:04.067 [info] > git for-each-ref --format=%(refname)%00%(upstream:short)%00%(objectname)%00%(upstream:track)%00%(upstream:remotename)%00%(upstream:remoteref) refs/heads/main refs/remotes/main [2ms]
2026-04-02 11:15:04.072 [warning] [Git][revParse] Unable to read file: ENOENT: no such file or directory, open '/home/matei/PALab/Lab6/.git/refs/remotes/origin/main'
2026-04-02 11:15:04.073 [info] > git rev-parse refs/remotes/origin/main [1ms]
2026-04-02 11:15:04.082 [info] > git status -z -uall [4ms]
2026-04-02 11:15:04.083 [info] > git for-each-ref --sort -committerdate --format %(refname)%00%(objectname)%00%(*objectname) [1ms]
2026-04-02 11:15:36.230 [info] > git config --get commit.template [6ms]
2026-04-02 11:15:36.231 [info] > git for-each-ref --format=%(refname)%00%(upstream:short)%00%(objectname)%00%(upstream:track)%00%(upstream:remotename)%00%(upstream:remoteref) refs/heads/main refs/remotes/main [2ms]
2026-04-02 11:15:36.236 [warning] [Git][revParse] Unable to read file: ENOENT: no such file or directory, open '/home/matei/PALab/Lab6/.git/refs/remotes/origin/main'
2026-04-02 11:15:36.237 [info] > git rev-parse refs/remotes/origin/main [1ms]
2026-04-02 11:15:36.247 [info] > git status -z -uall [6ms]
2026-04-02 11:15:36.248 [info] > git for-each-ref --sort -committerdate --format %(refname)%00%(objectname)%00%(*objectname) [2ms]
2026-04-02 11:15:43.181 [info] > git config --get commit.template [7ms]
2026-04-02 11:15:43.181 [info] > git for-each-ref --format=%(refname)%00%(upstream:short)%00%(objectname)%00%(upstream:track)%00%(upstream:remotename)%00%(upstream:remoteref) refs/heads/main refs/remotes/main [1ms]
2026-04-02 11:15:43.187 [warning] [Git][revParse] Unable to read file: ENOENT: no such file or directory, open '/home/matei/PALab/Lab6/.git/refs/remotes/origin/main'
2026-04-02 11:15:43.188 [info] > git rev-parse refs/remotes/origin/main [1ms]
2026-04-02 11:15:43.201 [info] > git status -z -uall [7ms]
2026-04-02 11:15:43.202 [info] > git for-each-ref --sort -committerdate --format %(refname)%00%(objectname)%00%(*objectname) [2ms]
2026-04-02 11:16:19.558 [info] > git config --get commit.template [6ms]
2026-04-02 11:16:19.559 [info] > git for-each-ref --format=%(refname)%00%(upstream:short)%00%(objectname)%00%(upstream:track)%00%(upstream:remotename)%00%(upstream:remoteref) refs/heads/main refs/remotes/main [2ms]
2026-04-02 11:16:19.564 [warning] [Git][revParse] Unable to read file: ENOENT: no such file or directory, open '/home/matei/PALab/Lab6/.git/refs/remotes/origin/main'
2026-04-02 11:16:19.565 [info] > git rev-parse refs/remotes/origin/main [1ms]
2026-04-02 11:16:19.576 [info] > git status -z -uall [7ms]
2026-04-02 11:16:19.577 [info] > git for-each-ref --sort -committerdate --format %(refname)%00%(objectname)%00%(*objectname) [2ms]
